// Vitest Snapshot v1, https://vitest.dev/guide/snapshot.html

exports[`fileUploaderReducer > should add books to the state 1`] = `
{
  "books": [
    {
      "author": "author",
      "highlights": [],
      "id": "1",
      "title": "Test Book",
    },
  ],
  "error": null,
  "fileContent": null,
  "isUploading": false,
}
`;
